// Vitest Snapshot v1, https://vitest.dev/guide/snapshot.html

exports[`input schemas come from the validators > matches a snapshot, so widening a validator without regenerating fails a test 1`] = `
{
  "studio_annotate": {
    "additionalProperties": false,
    "properties": {
      "candidateId": {
        "maxLength": 64,
        "minLength": 1,
        "type": "string",
      },
      "targetId": {
        "description": "Node id, edge id, step index as a string, or version id.",
        "maxLength": 64,
        "minLength": 1,
        "type": "string",
      },
      "targetKind": {
        "description": "What the note is pinned to (candidate = a whole version). A step is a 0-based index into that version's counterexample.",
        "enum": [
          "node",
          "edge",
          "step",
          "candidate",
        ],
        "type": "string",
      },
      "text": {
        "description": "The note, one or two sentences. Say what, and cite where when you can.",
        "maxLength": 400,
        "minLength": 1,
        "type": "string",
      },
      "tone": {
        "default": "info",
        "enum": [
          "info",
          "warn",
          "bad",
        ],
        "type": "string",
      },
    },
    "required": [
      "targetKind",
      "targetId",
      "text",
    ],
    "type": "object",
  },
  "studio_apply_architecture_patch": {
    "additionalProperties": false,
    "properties": {
      "candidateId": {
        "maxLength": 64,
        "minLength": 1,
        "type": "string",
      },
      "expectedRevision": {
        "minimum": 0,
        "type": "integer",
      },
      "operations": {
        "description": "Atomic graph changes, applied in order and committed only if the final design validates.",
        "items": {
          "anyOf": [
            {
              "additionalProperties": false,
              "properties": {
                "node": {
                  "description": "Complete node. x and y are required and should follow studio_get_catalog.layoutGuide (x by dependency depth, parallel branches on separate y rows), unless the same patch contains an auto-layout operation, which places every node.",
                },
                "op": {
                  "const": "add-node",
                },
              },
              "required": [
                "op",
                "node",
              ],
              "type": "object",
            },
            {
              "additionalProperties": false,
              "properties": {
                "nodeId": {
                  "maxLength": 128,
                  "minLength": 1,
                  "type": "string",
                },
                "op": {
                  "const": "update-node",
                },
                "patch": {
                  "additionalProperties": {},
                  "description": "Shallow node field patch. Cannot contain id or kind.",
                  "type": "object",
                },
              },
              "required": [
                "op",
                "nodeId",
                "patch",
              ],
              "type": "object",
            },
            {
              "additionalProperties": false,
              "properties": {
                "nodeId": {
                  "maxLength": 128,
                  "minLength": 1,
                  "type": "string",
                },
                "op": {
                  "const": "remove-node",
                },
              },
              "required": [
                "op",
                "nodeId",
              ],
              "type": "object",
            },
            {
              "additionalProperties": false,
              "properties": {
                "edge": {},
                "op": {
                  "const": "add-edge",
                },
              },
              "required": [
                "op",
                "edge",
              ],
              "type": "object",
            },
            {
              "additionalProperties": false,
              "properties": {
                "edgeId": {
                  "maxLength": 128,
                  "minLength": 1,
                  "type": "string",
                },
                "op": {
                  "const": "update-edge",
                },
                "patch": {
                  "additionalProperties": {},
                  "description": "Shallow link field patch. Cannot contain id.",
                  "type": "object",
                },
              },
              "required": [
                "op",
                "edgeId",
                "patch",
              ],
              "type": "object",
            },
            {
              "additionalProperties": false,
              "properties": {
                "edgeId": {
                  "maxLength": 128,
                  "minLength": 1,
                  "type": "string",
                },
                "op": {
                  "const": "remove-edge",
                },
              },
              "required": [
                "op",
                "edgeId",
              ],
              "type": "object",
            },
            {
              "additionalProperties": false,
              "properties": {
                "op": {
                  "const": "set-workflow",
                },
                "workflow": {},
              },
              "required": [
                "op",
                "workflow",
              ],
              "type": "object",
            },
            {
              "additionalProperties": false,
              "properties": {
                "name": {
                  "maxLength": 160,
                  "minLength": 1,
                  "type": "string",
                },
                "op": {
                  "const": "set-design-name",
                },
              },
              "required": [
                "op",
                "name",
              ],
              "type": "object",
            },
            {
              "additionalProperties": false,
              "description": "Move every node to a layered layout computed from the links: callers in the leftmost column, one column per dependency depth, each node level with the middle of its callers, no overlaps. Applied after the other operations in the patch, so nodes added in the same patch may omit x and y. Use it when hand-placed coordinates would be guesswork, or after a newly found dependency changes the shape of the graph.",
              "properties": {
                "op": {
                  "const": "auto-layout",
                },
              },
              "required": [
                "op",
              ],
              "type": "object",
            },
          ],
        },
        "maxItems": 128,
        "minItems": 1,
        "type": "array",
      },
    },
    "required": [
      "candidateId",
      "expectedRevision",
      "operations",
    ],
    "type": "object",
  },
  "studio_attach_code_evidence": {
    "additionalProperties": false,
    "properties": {
      "candidateId": {
        "maxLength": 64,
        "minLength": 1,
        "type": "string",
      },
      "evidence": {
        "items": {
          "additionalProperties": false,
          "properties": {
            "aspect": {
              "default": "architecture",
              "enum": [
                "architecture",
                "behavior",
                "performance",
              ],
              "type": "string",
            },
            "claim": {
              "maxLength": 2000,
              "minLength": 1,
              "type": "string",
            },
            "confidence": {
              "enum": [
                "observed",
                "inferred",
                "assumed",
              ],
              "type": "string",
            },
            "contentHash": {
              "anyOf": [
                {
                  "type": "string",
                },
                {
                  "const": "",
                },
              ],
              "default": "",
            },
            "id": {
              "maxLength": 128,
              "minLength": 1,
              "type": "string",
            },
            "lineEnd": {
              "default": null,
              "minimum": 1,
              "type": [
                "integer",
                "null",
              ],
            },
            "lineStart": {
              "default": null,
              "minimum": 1,
              "type": [
                "integer",
                "null",
              ],
            },
            "path": {
              "default": "",
              "maxLength": 1024,
              "type": "string",
            },
            "source": {
              "enum": [
                "code",
                "config",
                "runtime",
                "documentation",
                "user",
              ],
              "type": "string",
            },
            "symbol": {
              "default": "",
              "maxLength": 512,
              "type": "string",
            },
            "target": {
              "anyOf": [
                {
                  "additionalProperties": false,
                  "properties": {
                    "kind": {
                      "const": "node",
                    },
                    "nodeId": {
                      "maxLength": 128,
                      "minLength": 1,
                      "type": "string",
                    },
                  },
                  "required": [
                    "kind",
                    "nodeId",
                  ],
                  "type": "object",
                },
                {
                  "additionalProperties": false,
                  "properties": {
                    "edgeId": {
                      "maxLength": 128,
                      "minLength": 1,
                      "type": "string",
                    },
                    "kind": {
                      "const": "edge",
                    },
                  },
                  "required": [
                    "kind",
                    "edgeId",
                  ],
                  "type": "object",
                },
                {
                  "additionalProperties": false,
                  "properties": {
                    "collectionId": {
                      "maxLength": 128,
                      "minLength": 1,
                      "type": "string",
                    },
                    "kind": {
                      "const": "collection",
                    },
                  },
                  "required": [
                    "kind",
                    "collectionId",
                  ],
                  "type": "object",
                },
                {
                  "additionalProperties": false,
                  "properties": {
                    "handlerId": {
                      "maxLength": 128,
                      "minLength": 1,
                      "type": "string",
                    },
                    "kind": {
                      "const": "handler",
                    },
                  },
                  "required": [
                    "kind",
                    "handlerId",
                  ],
                  "type": "object",
                },
                {
                  "additionalProperties": false,
                  "properties": {
                    "handlerId": {
                      "maxLength": 128,
                      "minLength": 1,
                      "type": "string",
                    },
                    "kind": {
                      "const": "operation",
                    },
                    "operationId": {
                      "maxLength": 128,
                      "minLength": 1,
                      "type": "string",
                    },
                  },
                  "required": [
                    "kind",
                    "handlerId",
                    "operationId",
                  ],
                  "type": "object",
                },
              ],
            },
            "targetId": {
              "maxLength": 128,
              "minLength": 1,
              "type": "string",
            },
            "targetKind": {
              "enum": [
                "node",
                "edge",
                "collection",
                "handler",
                "operation",
              ],
              "type": "string",
            },
          },
          "required": [
            "id",
            "target",
            "targetKind",
            "targetId",
            "confidence",
            "source",
            "claim",
          ],
          "type": "object",
        },
        "maxItems": 256,
        "minItems": 1,
        "type": "array",
      },
      "expectedRevision": {
        "minimum": 0,
        "type": "integer",
      },
    },
    "required": [
      "candidateId",
      "expectedRevision",
      "evidence",
    ],
    "type": "object",
  },
  "studio_compare_candidates": {
    "additionalProperties": false,
    "properties": {
      "candidateIds": {
        "default": [],
        "items": {
          "maxLength": 64,
          "minLength": 1,
          "type": "string",
        },
        "maxItems": 64,
        "type": "array",
      },
    },
    "type": "object",
  },
  "studio_create_candidate": {
    "additionalProperties": false,
    "properties": {
      "copyFrom": {
        "maxLength": 64,
        "minLength": 1,
        "type": "string",
      },
      "design": {},
      "intent": {
        "default": "",
        "maxLength": 2000,
        "type": "string",
      },
      "label": {
        "description": "Short human-readable name.",
        "maxLength": 120,
        "minLength": 1,
        "type": "string",
      },
    },
    "required": [
      "label",
    ],
    "type": "object",
  },
  "studio_create_study": {
    "additionalProperties": false,
    "properties": {
      "name": {
        "description": "The project's name.",
        "maxLength": 120,
        "minLength": 1,
        "type": "string",
      },
      "problem": {
        "default": "",
        "maxLength": 4000,
        "type": "string",
      },
      "workload": {
        "additionalProperties": false,
        "properties": {
          "arrival": {
            "anyOf": [
              {
                "additionalProperties": false,
                "properties": {
                  "kind": {
                    "const": "poisson",
                  },
                  "ratePerSec": {
                    "minimum": 0,
                    "type": "number",
                  },
                },
                "required": [
                  "kind",
                  "ratePerSec",
                ],
                "type": "object",
              },
              {
                "additionalProperties": false,
                "properties": {
                  "kind": {
                    "const": "deterministic",
                  },
                  "ratePerSec": {
                    "minimum": 0,
                    "type": "number",
                  },
                },
                "required": [
                  "kind",
                  "ratePerSec",
                ],
                "type": "object",
              },
              {
                "additionalProperties": false,
                "properties": {
                  "fromRatePerSec": {
                    "minimum": 0,
                    "type": "number",
                  },
                  "kind": {
                    "const": "ramp",
                  },
                  "toRatePerSec": {
                    "minimum": 0,
                    "type": "number",
                  },
                },
                "required": [
                  "kind",
                  "fromRatePerSec",
                  "toRatePerSec",
                ],
                "type": "object",
              },
              {
                "additionalProperties": false,
                "properties": {
                  "atSec": {
                    "minimum": 0,
                    "type": "number",
                  },
                  "baseRatePerSec": {
                    "minimum": 0,
                    "type": "number",
                  },
                  "durationSec": {
                    "minimum": 0,
                    "type": "number",
                  },
                  "kind": {
                    "const": "spike",
                  },
                  "peakRatePerSec": {
                    "minimum": 0,
                    "type": "number",
                  },
                },
                "required": [
                  "kind",
                  "baseRatePerSec",
                  "peakRatePerSec",
                  "atSec",
                  "durationSec",
                ],
                "type": "object",
              },
              {
                "additionalProperties": false,
                "properties": {
                  "kind": {
                    "const": "steps",
                  },
                  "ratePerSec": {
                    "minimum": 0,
                    "type": "number",
                  },
                  "steps": {
                    "default": [],
                    "items": {
                      "additionalProperties": false,
                      "properties": {
                        "atSec": {
                          "minimum": 0,
                          "type": "number",
                        },
                        "ratePerSec": {
                          "minimum": 0,
                          "type": "number",
                        },
                      },
                      "required": [
                        "atSec",
                        "ratePerSec",
                      ],
                      "type": "object",
                    },
                    "type": "array",
                  },
                },
                "required": [
                  "kind",
                  "ratePerSec",
                ],
                "type": "object",
              },
            ],
          },
          "classes": {
            "default": [],
            "items": {
              "additionalProperties": false,
              "properties": {
                "id": {
                  "minLength": 1,
                  "type": "string",
                },
                "label": {
                  "type": "string",
                },
                "serviceMultiplier": {
                  "default": 1,
                  "minimum": 0,
                  "type": "number",
                },
                "weight": {
                  "default": 1,
                  "minimum": 0,
                  "type": "number",
                },
              },
              "required": [
                "id",
                "label",
              ],
              "type": "object",
            },
            "maxItems": 16,
            "type": "array",
          },
          "durationSec": {
            "default": 1200,
            "minimum": 0,
            "type": "number",
          },
          "seeds": {
            "default": [
              1,
              2,
              3,
              4,
              5,
              6,
              7,
              8,
            ],
            "items": {
              "minimum": 0,
              "type": "integer",
            },
            "maxItems": 64,
            "minItems": 1,
            "type": "array",
          },
          "traceLimit": {
            "default": 5000,
            "minimum": 0,
            "type": "integer",
          },
          "warmupSec": {
            "default": 200,
            "minimum": 0,
            "type": "number",
          },
        },
        "type": "object",
      },
    },
    "required": [
      "name",
    ],
    "type": "object",
  },
  "studio_focus": {
    "additionalProperties": false,
    "properties": {
      "candidateId": {
        "maxLength": 64,
        "minLength": 1,
        "type": "string",
      },
      "id": {
        "maxLength": 64,
        "minLength": 1,
        "type": "string",
      },
      "index": {
        "minimum": 0,
        "type": "integer",
      },
      "kind": {
        "description": "Select a node or edge, or scrub to a counterexample step.",
        "enum": [
          "node",
          "edge",
          "step",
        ],
        "type": "string",
      },
    },
    "required": [
      "kind",
    ],
    "type": "object",
  },
  "studio_get_architecture": {
    "additionalProperties": false,
    "properties": {
      "candidateId": {
        "maxLength": 64,
        "minLength": 1,
        "type": "string",
      },
    },
    "type": "object",
  },
  "studio_get_candidate": {
    "additionalProperties": false,
    "properties": {
      "candidateId": {
        "description": "Version id (\`candidateId\`), from studio_get_study.",
        "maxLength": 64,
        "minLength": 1,
        "type": "string",
      },
    },
    "required": [
      "candidateId",
    ],
    "type": "object",
  },
  "studio_get_catalog": {
    "additionalProperties": false,
    "properties": {},
    "type": "object",
  },
  "studio_get_evaluation": {
    "additionalProperties": false,
    "properties": {
      "candidateId": {
        "description": "Version id (\`candidateId\`), from studio_get_study.",
        "maxLength": 64,
        "minLength": 1,
        "type": "string",
      },
    },
    "required": [
      "candidateId",
    ],
    "type": "object",
  },
  "studio_get_grounding_report": {
    "additionalProperties": false,
    "properties": {
      "candidateId": {
        "maxLength": 64,
        "minLength": 1,
        "type": "string",
      },
    },
    "type": "object",
  },
  "studio_get_implementation_handoff": {
    "additionalProperties": false,
    "properties": {},
    "type": "object",
  },
  "studio_get_study": {
    "additionalProperties": false,
    "properties": {},
    "type": "object",
  },
  "studio_import_architecture": {
    "additionalProperties": false,
    "properties": {
      "design": {},
      "evidence": {
        "default": [],
        "items": {
          "additionalProperties": false,
          "properties": {
            "aspect": {
              "default": "architecture",
              "enum": [
                "architecture",
                "behavior",
                "performance",
              ],
              "type": "string",
            },
            "claim": {
              "maxLength": 2000,
              "minLength": 1,
              "type": "string",
            },
            "confidence": {
              "enum": [
                "observed",
                "inferred",
                "assumed",
              ],
              "type": "string",
            },
            "contentHash": {
              "anyOf": [
                {
                  "type": "string",
                },
                {
                  "const": "",
                },
              ],
              "default": "",
            },
            "id": {
              "maxLength": 128,
              "minLength": 1,
              "type": "string",
            },
            "lineEnd": {
              "default": null,
              "minimum": 1,
              "type": [
                "integer",
                "null",
              ],
            },
            "lineStart": {
              "default": null,
              "minimum": 1,
              "type": [
                "integer",
                "null",
              ],
            },
            "path": {
              "default": "",
              "maxLength": 1024,
              "type": "string",
            },
            "source": {
              "enum": [
                "code",
                "config",
                "runtime",
                "documentation",
                "user",
              ],
              "type": "string",
            },
            "symbol": {
              "default": "",
              "maxLength": 512,
              "type": "string",
            },
            "target": {
              "anyOf": [
                {
                  "additionalProperties": false,
                  "properties": {
                    "kind": {
                      "const": "node",
                    },
                    "nodeId": {
                      "maxLength": 128,
                      "minLength": 1,
                      "type": "string",
                    },
                  },
                  "required": [
                    "kind",
                    "nodeId",
                  ],
                  "type": "object",
                },
                {
                  "additionalProperties": false,
                  "properties": {
                    "edgeId": {
                      "maxLength": 128,
                      "minLength": 1,
                      "type": "string",
                    },
                    "kind": {
                      "const": "edge",
                    },
                  },
                  "required": [
                    "kind",
                    "edgeId",
                  ],
                  "type": "object",
                },
                {
                  "additionalProperties": false,
                  "properties": {
                    "collectionId": {
                      "maxLength": 128,
                      "minLength": 1,
                      "type": "string",
                    },
                    "kind": {
                      "const": "collection",
                    },
                  },
                  "required": [
                    "kind",
                    "collectionId",
                  ],
                  "type": "object",
                },
                {
                  "additionalProperties": false,
                  "properties": {
                    "handlerId": {
                      "maxLength": 128,
                      "minLength": 1,
                      "type": "string",
                    },
                    "kind": {
                      "const": "handler",
                    },
                  },
                  "required": [
                    "kind",
                    "handlerId",
                  ],
                  "type": "object",
                },
                {
                  "additionalProperties": false,
                  "properties": {
                    "handlerId": {
                      "maxLength": 128,
                      "minLength": 1,
                      "type": "string",
                    },
                    "kind": {
                      "const": "operation",
                    },
                    "operationId": {
                      "maxLength": 128,
                      "minLength": 1,
                      "type": "string",
                    },
                  },
                  "required": [
                    "kind",
                    "handlerId",
                    "operationId",
                  ],
                  "type": "object",
                },
              ],
            },
            "targetId": {
              "maxLength": 128,
              "minLength": 1,
              "type": "string",
            },
            "targetKind": {
              "enum": [
                "node",
                "edge",
                "collection",
                "handler",
                "operation",
              ],
              "type": "string",
            },
          },
          "required": [
            "id",
            "target",
            "targetKind",
            "targetId",
            "confidence",
            "source",
            "claim",
          ],
          "type": "object",
        },
        "maxItems": 4096,
        "type": "array",
      },
      "expectedRevision": {
        "minimum": 0,
        "type": "integer",
      },
      "fromCandidateId": {
        "maxLength": 64,
        "minLength": 1,
        "type": "string",
      },
      "intent": {
        "default": "As-is architecture reconstructed from repository evidence.",
        "maxLength": 2000,
        "type": "string",
      },
      "label": {
        "default": "As-is architecture",
        "maxLength": 120,
        "minLength": 1,
        "type": "string",
      },
      "repository": {
        "additionalProperties": false,
        "properties": {
          "branch": {
            "default": "",
            "maxLength": 256,
            "type": "string",
          },
          "changedPaths": {
            "default": [],
            "items": {
              "maxLength": 1024,
              "minLength": 1,
              "type": "string",
            },
            "maxItems": 4096,
            "type": "array",
          },
          "dirty": {
            "default": null,
            "type": [
              "boolean",
              "null",
            ],
          },
          "excludedScope": {
            "default": [],
            "items": {
              "maxLength": 512,
              "minLength": 1,
              "type": "string",
            },
            "maxItems": 128,
            "type": "array",
          },
          "name": {
            "description": "Repository or workspace display name.",
            "maxLength": 160,
            "minLength": 1,
            "type": "string",
          },
          "revision": {
            "default": "",
            "maxLength": 256,
            "type": "string",
          },
          "rootHint": {
            "default": "",
            "maxLength": 1024,
            "type": "string",
          },
          "scope": {
            "default": [],
            "items": {
              "maxLength": 512,
              "minLength": 1,
              "type": "string",
            },
            "maxItems": 128,
            "type": "array",
          },
          "workingTreeFingerprint": {
            "default": "",
            "maxLength": 256,
            "type": "string",
          },
        },
        "required": [
          "name",
        ],
        "type": "object",
      },
      "sourceInventory": {
        "default": [],
        "items": {
          "additionalProperties": false,
          "properties": {
            "contentHash": {
              "anyOf": [
                {
                  "type": "string",
                },
                {
                  "const": "",
                },
              ],
              "default": "",
            },
            "disposition": {
              "enum": [
                "modeled",
                "excluded",
                "unresolved",
              ],
              "type": "string",
            },
            "id": {
              "maxLength": 128,
              "minLength": 1,
              "type": "string",
            },
            "kind": {
              "enum": [
                "entrypoint",
                "work-source",
                "runtime",
                "dependency",
                "queue",
                "state-store",
              ],
              "type": "string",
            },
            "label": {
              "maxLength": 256,
              "minLength": 1,
              "type": "string",
            },
            "path": {
              "maxLength": 1024,
              "minLength": 1,
              "type": "string",
            },
            "reason": {
              "default": "",
              "maxLength": 2000,
              "type": "string",
            },
            "symbol": {
              "default": "",
              "maxLength": 512,
              "type": "string",
            },
            "target": {
              "anyOf": [
                {
                  "additionalProperties": false,
                  "properties": {
                    "kind": {
                      "const": "node",
                    },
                    "nodeId": {
                      "maxLength": 128,
                      "minLength": 1,
                      "type": "string",
                    },
                  },
                  "required": [
                    "kind",
                    "nodeId",
                  ],
                  "type": "object",
                },
                {
                  "additionalProperties": false,
                  "properties": {
                    "edgeId": {
                      "maxLength": 128,
                      "minLength": 1,
                      "type": "string",
                    },
                    "kind": {
                      "const": "edge",
                    },
                  },
                  "required": [
                    "kind",
                    "edgeId",
                  ],
                  "type": "object",
                },
                {
                  "additionalProperties": false,
                  "properties": {
                    "collectionId": {
                      "maxLength": 128,
                      "minLength": 1,
                      "type": "string",
                    },
                    "kind": {
                      "const": "collection",
                    },
                  },
                  "required": [
                    "kind",
                    "collectionId",
                  ],
                  "type": "object",
                },
                {
                  "additionalProperties": false,
                  "properties": {
                    "handlerId": {
                      "maxLength": 128,
                      "minLength": 1,
                      "type": "string",
                    },
                    "kind": {
                      "const": "handler",
                    },
                  },
                  "required": [
                    "kind",
                    "handlerId",
                  ],
                  "type": "object",
                },
                {
                  "additionalProperties": false,
                  "properties": {
                    "handlerId": {
                      "maxLength": 128,
                      "minLength": 1,
                      "type": "string",
                    },
                    "kind": {
                      "const": "operation",
                    },
                    "operationId": {
                      "maxLength": 128,
                      "minLength": 1,
                      "type": "string",
                    },
                  },
                  "required": [
                    "kind",
                    "handlerId",
                    "operationId",
                  ],
                  "type": "object",
                },
              ],
              "default": null,
              "type": [
                "null",
              ],
            },
          },
          "required": [
            "id",
            "kind",
            "label",
            "path",
            "disposition",
          ],
          "type": "object",
        },
        "maxItems": 4096,
        "type": "array",
      },
    },
    "required": [
      "repository",
    ],
    "type": "object",
  },
  "studio_list_studies": {
    "additionalProperties": false,
    "properties": {},
    "type": "object",
  },
  "studio_open_study": {
    "additionalProperties": false,
    "properties": {
      "studyId": {
        "maxLength": 64,
        "minLength": 1,
        "type": "string",
      },
    },
    "required": [
      "studyId",
    ],
    "type": "object",
  },
  "studio_replace_candidate_draft": {
    "additionalProperties": false,
    "properties": {
      "candidateId": {
        "maxLength": 64,
        "minLength": 1,
        "type": "string",
      },
      "design": {
        "description": "A complete, validated design document.",
      },
      "expectedRevision": {
        "description": "The revision you believe you are replacing, from studio_get_candidate. The call is refused if the version has moved on.",
        "minimum": 0,
        "type": "integer",
      },
    },
    "required": [
      "candidateId",
      "expectedRevision",
      "design",
    ],
    "type": "object",
  },
  "studio_run_evaluation": {
    "additionalProperties": false,
    "properties": {
      "candidateId": {
        "maxLength": 64,
        "minLength": 1,
        "type": "string",
      },
      "correctness": {
        "default": true,
        "type": "boolean",
      },
      "performance": {
        "default": false,
        "type": "boolean",
      },
    },
    "required": [
      "candidateId",
    ],
    "type": "object",
  },
  "studio_run_production_scenarios": {
    "additionalProperties": false,
    "properties": {
      "candidateId": {
        "description": "Version id (\`candidateId\`), from studio_get_study.",
        "maxLength": 64,
        "minLength": 1,
        "type": "string",
      },
    },
    "required": [
      "candidateId",
    ],
    "type": "object",
  },
  "studio_update_study": {
    "additionalProperties": false,
    "properties": {
      "contract": {},
      "name": {
        "maxLength": 120,
        "minLength": 1,
        "type": "string",
      },
      "problem": {
        "maxLength": 4000,
        "type": "string",
      },
    },
    "type": "object",
  },
  "studio_upsert_source_inventory": {
    "additionalProperties": false,
    "properties": {
      "candidateId": {
        "maxLength": 64,
        "minLength": 1,
        "type": "string",
      },
      "expectedRevision": {
        "minimum": 0,
        "type": "integer",
      },
      "items": {
        "items": {
          "additionalProperties": false,
          "properties": {
            "contentHash": {
              "anyOf": [
                {
                  "type": "string",
                },
                {
                  "const": "",
                },
              ],
              "default": "",
            },
            "disposition": {
              "enum": [
                "modeled",
                "excluded",
                "unresolved",
              ],
              "type": "string",
            },
            "id": {
              "maxLength": 128,
              "minLength": 1,
              "type": "string",
            },
            "kind": {
              "enum": [
                "entrypoint",
                "work-source",
                "runtime",
                "dependency",
                "queue",
                "state-store",
              ],
              "type": "string",
            },
            "label": {
              "maxLength": 256,
              "minLength": 1,
              "type": "string",
            },
            "path": {
              "maxLength": 1024,
              "minLength": 1,
              "type": "string",
            },
            "reason": {
              "default": "",
              "maxLength": 2000,
              "type": "string",
            },
            "symbol": {
              "default": "",
              "maxLength": 512,
              "type": "string",
            },
            "target": {
              "anyOf": [
                {
                  "additionalProperties": false,
                  "properties": {
                    "kind": {
                      "const": "node",
                    },
                    "nodeId": {
                      "maxLength": 128,
                      "minLength": 1,
                      "type": "string",
                    },
                  },
                  "required": [
                    "kind",
                    "nodeId",
                  ],
                  "type": "object",
                },
                {
                  "additionalProperties": false,
                  "properties": {
                    "edgeId": {
                      "maxLength": 128,
                      "minLength": 1,
                      "type": "string",
                    },
                    "kind": {
                      "const": "edge",
                    },
                  },
                  "required": [
                    "kind",
                    "edgeId",
                  ],
                  "type": "object",
                },
                {
                  "additionalProperties": false,
                  "properties": {
                    "collectionId": {
                      "maxLength": 128,
                      "minLength": 1,
                      "type": "string",
                    },
                    "kind": {
                      "const": "collection",
                    },
                  },
                  "required": [
                    "kind",
                    "collectionId",
                  ],
                  "type": "object",
                },
                {
                  "additionalProperties": false,
                  "properties": {
                    "handlerId": {
                      "maxLength": 128,
                      "minLength": 1,
                      "type": "string",
                    },
                    "kind": {
                      "const": "handler",
                    },
                  },
                  "required": [
                    "kind",
                    "handlerId",
                  ],
                  "type": "object",
                },
                {
                  "additionalProperties": false,
                  "properties": {
                    "handlerId": {
                      "maxLength": 128,
                      "minLength": 1,
                      "type": "string",
                    },
                    "kind": {
                      "const": "operation",
                    },
                    "operationId": {
                      "maxLength": 128,
                      "minLength": 1,
                      "type": "string",
                    },
                  },
                  "required": [
                    "kind",
                    "handlerId",
                    "operationId",
                  ],
                  "type": "object",
                },
              ],
              "default": null,
              "type": [
                "null",
              ],
            },
          },
          "required": [
            "id",
            "kind",
            "label",
            "path",
            "disposition",
          ],
          "type": "object",
        },
        "maxItems": 256,
        "minItems": 1,
        "type": "array",
      },
    },
    "required": [
      "candidateId",
      "expectedRevision",
      "items",
    ],
    "type": "object",
  },
  "studio_validate_draft": {
    "additionalProperties": false,
    "properties": {
      "design": {
        "description": "A design document to check without storing it.",
      },
    },
    "required": [
      "design",
    ],
    "type": "object",
  },
}
`;
